// Jest Snapshot v1, https://goo.gl/fbAQLP

exports[`should render 1`] = `
<span
  className="cf-1qqg2pt"
>
  A Label
</span>
`;
